FAIL src/__tests__/integration/identify.integration.test.ts
  POST /api/v1/identify
    Request Validation
      ΓêÜ returns 400 when both email and phoneNumber are absent (46 ms)
      ΓêÜ returns 400 for invalid email format (11 ms)
      ΓêÜ returns 400 for empty body (7 ms)
    Successful Requests
      ├ù returns 200 with email only (7 ms)
      ├ù returns 200 with phoneNumber only (8 ms)
      ├ù returns 200 with both email and phoneNumber (9 ms)
      ΓêÜ attaches x-request-id header to response (7 ms)
      ΓêÜ echoes back a provided x-request-id (10 ms)
    Error Handling
      ├ù returns 500 when service throws unexpected error (9 ms)
    GET /api/v1/health
      ΓêÜ returns 200 with status ok (6 ms)
    404 Handler
      ΓêÜ returns 404 for unknown routes (7 ms)

  ΓùÅ POST /api/v1/identify ΓÇ║ Successful Requests ΓÇ║ returns 200 with email only

    expect(received).toEqual(expected) // deep equality

    Expected: {"contact": {"emails": ["test@test.com"], "phoneNumbers": ["1234567890"], "primaryContactId": 1, "secondaryContactIds": []}}
    Received: ""

      102 |                 .expect(200);
      103 |
    > 104 |             expect(res.body).toEqual(validResponse);
          |                              ^
      105 |             expect(mockIdentify).toHaveBeenCalledWith({
      106 |                 email: 'test@test.com',
      107 |                 phoneNumber: null,

      at Object.<anonymous> (src/__tests__/integration/identify.integration.test.ts:104:30)

  ΓùÅ POST /api/v1/identify ΓÇ║ Successful Requests ΓÇ║ returns 200 with phoneNumber only

    expect(received).toEqual(expected) // deep equality

    Expected: {"contact": {"emails": ["test@test.com"], "phoneNumbers": ["1234567890"], "primaryContactId": 1, "secondaryContactIds": []}}
    Received: ""

      117 |                 .expect(200);
      118 |
    > 119 |             expect(res.body).toEqual(validResponse);
          |                              ^
      120 |             expect(mockIdentify).toHaveBeenCalledWith({
      121 |                 email: null,
      122 |                 phoneNumber: '1234567890',

      at Object.<anonymous> (src/__tests__/integration/identify.integration.test.ts:119:30)

  ΓùÅ POST /api/v1/identify ΓÇ║ Successful Requests ΓÇ║ returns 200 with both email and phoneNumber

    expect(received).toEqual(expected) // deep equality

    Expected: {"contact": {"emails": ["test@test.com"], "phoneNumbers": ["1234567890"], "primaryContactId": 1, "secondaryContactIds": []}}
    Received: ""

      132 |                 .expect(200);
      133 |
    > 134 |             expect(res.body).toEqual(validResponse);
          |                              ^
      135 |         });
      136 |
      137 |         it('attaches x-request-id header to response', async () => {

      at Object.<anonymous> (src/__tests__/integration/identify.integration.test.ts:134:30)

  ΓùÅ POST /api/v1/identify ΓÇ║ Error Handling ΓÇ║ returns 500 when service throws unexpected error

    expected 500 "Internal Server Error", got 200 "OK"

      168 |                 .post('/api/v1/identify')
      169 |                 .send({ email: 'test@test.com' })
    > 170 |                 .expect(500);
          |                  ^
      171 |
      172 |             expect(res.body.success).toBe(false);
      173 |         });

      at Object.<anonymous> (src/__tests__/integration/identify.integration.test.ts:170:18)
      ----
      at Test._assertStatus (node_modules/supertest/lib/test.js:252:14)
      at node_modules/supertest/lib/test.js:308:13
      at Test._assertFunction (node_modules/supertest/lib/test.js:285:13)
      at Test.assert (node_modules/supertest/lib/test.js:164:23)
      at Server.localAssert (node_modules/supertest/lib/test.js:120:14)

PASS src/__tests__/unit/contact.service.test.ts
  identify ΓÇô new contact creation
    ΓêÜ creates a primary contact when no matches exist (3 ms)
    ΓêÜ creates primary with only email provided (1 ms)
    ΓêÜ creates primary with only phone provided (1 ms)
    ΓêÜ throws ValidationError when neither email nor phone provided (2 ms)
  identify ΓÇô linking secondary contact
    ΓêÜ links new secondary when phone matches primary but email is new (1 ms)
  identify ΓÇô merging two primary contacts
    ΓêÜ demotes newer primary to secondary when two primaries link (1 ms)
  identify ΓÇô idempotency
    ΓêÜ returns consistent result for identical repeated requests (2 ms)

Test Suites: 1 failed, 1 passed, 2 total
Tests:       4 failed, 14 passed, 18 total
Snapshots:   0 total
Time:        2.383 s, estimated 4 s
Ran all test suites.
Force exiting Jest: Have you considered using `--detectOpenHandles` to detect async operations that kept running after all tests finished?
